Archive member included to satisfy reference by file (symbol)

C:/Program Files (x86)/Arm/GNU Toolchain mingw-w64-i686-arm-none-eabi/bin/../lib/gcc/arm-none-eabi/15.2.1/thumb/v7e-m/nofp\libgcc.a(_arm_addsubsf3.o)
                              build/imu.o (__aeabi_fadd)
C:/Program Files (x86)/Arm/GNU Toolchain mingw-w64-i686-arm-none-eabi/bin/../lib/gcc/arm-none-eabi/15.2.1/thumb/v7e-m/nofp\libgcc.a(_arm_muldivsf3.o)
                              build/imu.o (__aeabi_fdiv)

Discarded input sections

 .text          0x00000000        0x0 build/main.o
 .data          0x00000000        0x0 build/main.o
 .bss           0x00000000        0x0 build/main.o
 .text          0x00000000        0x0 build/stm32_i2c.o
 .data          0x00000000        0x0 build/stm32_i2c.o
 .bss           0x00000000        0x0 build/stm32_i2c.o
 .text          0x00000000        0x0 build/imu.o
 .data          0x00000000        0x0 build/imu.o
 .bss           0x00000000        0x0 build/imu.o
 .text.IMU_GetTempCelsius
                0x00000000       0x1c build/imu.o
 .data          0x00000000        0x0 build/startup_stm32.o
 .bss           0x00000000        0x0 build/startup_stm32.o
 .text          0x00000000      0x21c C:/Program Files (x86)/Arm/GNU Toolchain mingw-w64-i686-arm-none-eabi/bin/../lib/gcc/arm-none-eabi/15.2.1/thumb/v7e-m/nofp\libgcc.a(_arm_addsubsf3.o)
 .data          0x00000000        0x0 C:/Program Files (x86)/Arm/GNU Toolchain mingw-w64-i686-arm-none-eabi/bin/../lib/gcc/arm-none-eabi/15.2.1/thumb/v7e-m/nofp\libgcc.a(_arm_addsubsf3.o)
 .bss           0x00000000        0x0 C:/Program Files (x86)/Arm/GNU Toolchain mingw-w64-i686-arm-none-eabi/bin/../lib/gcc/arm-none-eabi/15.2.1/thumb/v7e-m/nofp\libgcc.a(_arm_addsubsf3.o)
 .debug_line_str
                0x00000000       0xcb C:/Program Files (x86)/Arm/GNU Toolchain mingw-w64-i686-arm-none-eabi/bin/../lib/gcc/arm-none-eabi/15.2.1/thumb/v7e-m/nofp\libgcc.a(_arm_addsubsf3.o)
 .debug_frame   0x00000000       0x4c C:/Program Files (x86)/Arm/GNU Toolchain mingw-w64-i686-arm-none-eabi/bin/../lib/gcc/arm-none-eabi/15.2.1/thumb/v7e-m/nofp\libgcc.a(_arm_addsubsf3.o)
 .ARM.attributes
                0x00000000       0x1e C:/Program Files (x86)/Arm/GNU Toolchain mingw-w64-i686-arm-none-eabi/bin/../lib/gcc/arm-none-eabi/15.2.1/thumb/v7e-m/nofp\libgcc.a(_arm_addsubsf3.o)
 .text          0x00000000      0x2a0 C:/Program Files (x86)/Arm/GNU Toolchain mingw-w64-i686-arm-none-eabi/bin/../lib/gcc/arm-none-eabi/15.2.1/thumb/v7e-m/nofp\libgcc.a(_arm_muldivsf3.o)
 .data          0x00000000        0x0 C:/Program Files (x86)/Arm/GNU Toolchain mingw-w64-i686-arm-none-eabi/bin/../lib/gcc/arm-none-eabi/15.2.1/thumb/v7e-m/nofp\libgcc.a(_arm_muldivsf3.o)
 .bss           0x00000000        0x0 C:/Program Files (x86)/Arm/GNU Toolchain mingw-w64-i686-arm-none-eabi/bin/../lib/gcc/arm-none-eabi/15.2.1/thumb/v7e-m/nofp\libgcc.a(_arm_muldivsf3.o)
 .debug_line_str
                0x00000000       0xcb C:/Program Files (x86)/Arm/GNU Toolchain mingw-w64-i686-arm-none-eabi/bin/../lib/gcc/arm-none-eabi/15.2.1/thumb/v7e-m/nofp\libgcc.a(_arm_muldivsf3.o)
 .debug_frame   0x00000000       0x38 C:/Program Files (x86)/Arm/GNU Toolchain mingw-w64-i686-arm-none-eabi/bin/../lib/gcc/arm-none-eabi/15.2.1/thumb/v7e-m/nofp\libgcc.a(_arm_muldivsf3.o)
 .ARM.attributes
                0x00000000       0x1e C:/Program Files (x86)/Arm/GNU Toolchain mingw-w64-i686-arm-none-eabi/bin/../lib/gcc/arm-none-eabi/15.2.1/thumb/v7e-m/nofp\libgcc.a(_arm_muldivsf3.o)

Memory Configuration

Name             Origin             Length             Attributes
FLASH            0x08000000         0x00080000         xr
SRAM             0x20000000         0x00020000         xrw
*default*        0x00000000         0xffffffff

Linker script and memory map

LOAD build/main.o
LOAD build/stm32_i2c.o
LOAD build/imu.o
LOAD build/startup_stm32.o
LOAD C:/Program Files (x86)/Arm/GNU Toolchain mingw-w64-i686-arm-none-eabi/bin/../lib/gcc/arm-none-eabi/15.2.1/../../../../arm-none-eabi/lib/thumb/v7e-m/nofp\libm.a
START GROUP
LOAD C:/Program Files (x86)/Arm/GNU Toolchain mingw-w64-i686-arm-none-eabi/bin/../lib/gcc/arm-none-eabi/15.2.1/thumb/v7e-m/nofp\libgcc.a
LOAD C:/Program Files (x86)/Arm/GNU Toolchain mingw-w64-i686-arm-none-eabi/bin/../lib/gcc/arm-none-eabi/15.2.1/../../../../arm-none-eabi/lib/thumb/v7e-m/nofp\libc.a
END GROUP

.text           0x08000000      0x5bc
 *(.isr_vector)
 .isr_vector    0x08000000      0x1c0 build/startup_stm32.o
 *(.text)
 .text          0x080001c0       0x14 build/startup_stm32.o
                0x080001c0                NMI_Handler
                0x080001c2                HardFault_Handler
                0x080001c4                MemManage_Handler
                0x080001c6                BusFault_Handler
                0x080001c8                UsageFault_Handler
                0x080001ca                SVC_Handler
                0x080001cc                DebugMon_Handler
                0x080001ce                PendSV_Handler
                0x080001d0                SysTick_Handler
 *(.text*)
 .text.startup.main
                0x080001d4       0x30 build/main.o
                0x080001d4                main
 .text.I2C_Init
                0x08000204       0x8c build/stm32_i2c.o
                0x08000204                I2C_Init
 .text.I2C_Write
                0x08000290       0xac build/stm32_i2c.o
                0x08000290                I2C_Write
 .text.I2C_Read
                0x0800033c      0x134 build/stm32_i2c.o
                0x0800033c                I2C_Read
 .text.IMU_Init
                0x08000470       0xa8 build/imu.o
                0x08000470                IMU_Init
 .text.IMU_ReadData
                0x08000518       0x64 build/imu.o
                0x08000518                IMU_ReadData
 .text.Reset_Handler
                0x0800057c       0x40 build/startup_stm32.o
                0x0800057c                Reset_Handler
 *(.rodata)
 *(.rodata*)
 *(.init)
 *(.fini)
                0x080005bc                        . = ALIGN (0x4)
                0x080005bc                        _etext = .
                0x080005bc                        _sidata = LOADADDR (.data)

.glue_7         0x080005bc        0x0
 .glue_7        0x080005bc        0x0 linker stubs

.glue_7t        0x080005bc        0x0
 .glue_7t       0x080005bc        0x0 linker stubs

.vfp11_veneer   0x080005bc        0x0
 .vfp11_veneer  0x080005bc        0x0 linker stubs

.v4_bx          0x080005bc        0x0
 .v4_bx         0x080005bc        0x0 linker stubs

.iplt           0x080005bc        0x0
 .iplt          0x080005bc        0x0 build/main.o

.rel.dyn        0x080005bc        0x0
 .rel.iplt      0x080005bc        0x0 build/main.o

.data           0x20000000        0x0 load address 0x080005bc
                0x20000000                        . = ALIGN (0x4)
                0x20000000                        _sdata = .
 *(.data)
 *(.data*)
                0x20000000                        . = ALIGN (0x4)
                0x20000000                        _edata = .

.igot.plt       0x20000000        0x0 load address 0x080005bc
 .igot.plt      0x20000000        0x0 build/main.o

.bss            0x20000000        0x0 load address 0x080005bc
                0x20000000                        . = ALIGN (0x4)
                0x20000000                        _sbss = .
 *(.bss)
 *(.bss*)
 *(COMMON)
                0x20000000                        . = ALIGN (0x4)
                0x20000000                        _ebss = .

.stack          0x20000000      0x400 load address 0x080005bc
                0x20000000                        . = ALIGN (0x8)
 *(.stack)
 .stack         0x20000000      0x400 build/startup_stm32.o

.heap           0x20000000      0x200 load address 0x080005bc
                0x20000000                        . = ALIGN (0x8)
 *(.heap)
 .heap          0x20000000      0x200 build/startup_stm32.o

/DISCARD/
 libc.a(*)
 libm.a(*)
 libgcc.a(*)
OUTPUT(build/stm32-imu-driver.elf elf32-littlearm)
LOAD linker stubs
LOAD C:/Program Files (x86)/Arm/GNU Toolchain mingw-w64-i686-arm-none-eabi/bin/../lib/gcc/arm-none-eabi/15.2.1/../../../../arm-none-eabi/lib/thumb/v7e-m/nofp\libc.a
LOAD C:/Program Files (x86)/Arm/GNU Toolchain mingw-w64-i686-arm-none-eabi/bin/../lib/gcc/arm-none-eabi/15.2.1/../../../../arm-none-eabi/lib/thumb/v7e-m/nofp\libm.a
LOAD C:/Program Files (x86)/Arm/GNU Toolchain mingw-w64-i686-arm-none-eabi/bin/../lib/gcc/arm-none-eabi/15.2.1/thumb/v7e-m/nofp\libgcc.a

.debug_info     0x00000000      0xc86
 .debug_info    0x00000000      0x1e8 build/main.o
 .debug_info    0x000001e8      0x701 build/stm32_i2c.o
 .debug_info    0x000008e9      0x39d build/imu.o

.debug_abbrev   0x00000000      0x498
 .debug_abbrev  0x00000000      0x15f build/main.o
 .debug_abbrev  0x0000015f      0x1da build/stm32_i2c.o
 .debug_abbrev  0x00000339      0x15f build/imu.o

.debug_aranges  0x00000000       0x80
 .debug_aranges
                0x00000000       0x20 build/main.o
 .debug_aranges
                0x00000020       0x30 build/stm32_i2c.o
 .debug_aranges
                0x00000050       0x30 build/imu.o

.debug_rnglists
                0x00000000       0xc4
 .debug_rnglists
                0x00000000       0x2b build/main.o
 .debug_rnglists
                0x0000002b       0x79 build/stm32_i2c.o
 .debug_rnglists
                0x000000a4       0x20 build/imu.o

.debug_line     0x00000000      0x9a9
 .debug_line    0x00000000      0x1a9 build/main.o
 .debug_line    0x000001a9      0x595 build/stm32_i2c.o
 .debug_line    0x0000073e      0x26b build/imu.o

.debug_str      0x00000000      0x419
 .debug_str     0x00000000      0x419 build/main.o
                                0x206 (size before relaxing)
 .debug_str     0x00000419        0x0 build/stm32_i2c.o
                                0x32a (size before relaxing)
 .debug_str     0x00000419        0x0 build/imu.o
                                0x29b (size before relaxing)

.comment        0x00000000       0x45
 .comment       0x00000000       0x45 build/main.o
                                 0x46 (size before relaxing)
 .comment       0x00000045        0x0 build/stm32_i2c.o
                                 0x46 (size before relaxing)
 .comment       0x00000045        0x0 build/imu.o
                                 0x46 (size before relaxing)

.ARM.attributes
                0x00000000       0x2c
 .ARM.attributes
                0x00000000       0x2e build/main.o
 .ARM.attributes
                0x0000002e       0x2e build/stm32_i2c.o
 .ARM.attributes
                0x0000005c       0x2e build/imu.o
 .ARM.attributes
                0x0000008a       0x21 build/startup_stm32.o

.debug_frame    0x00000000       0xe4
 .debug_frame   0x00000000       0x28 build/main.o
 .debug_frame   0x00000028       0x54 build/stm32_i2c.o
 .debug_frame   0x0000007c       0x68 build/imu.o

.debug_loclists
                0x00000000      0x3a4
 .debug_loclists
                0x00000000      0x2fc build/stm32_i2c.o
 .debug_loclists
                0x000002fc       0xa8 build/imu.o

Cross Reference Table

Symbol                                            File
BusFault_Handler                                  build/startup_stm32.o
DebugMon_Handler                                  build/startup_stm32.o
HardFault_Handler                                 build/startup_stm32.o
I2C_Init                                          build/stm32_i2c.o
                                                  build/main.o
I2C_Read                                          build/stm32_i2c.o
                                                  build/imu.o
I2C_Write                                         build/stm32_i2c.o
                                                  build/imu.o
IMU_GetTempCelsius                                build/imu.o
IMU_Init                                          build/imu.o
                                                  build/main.o
IMU_ReadData                                      build/imu.o
                                                  build/main.o
MemManage_Handler                                 build/startup_stm32.o
NMI_Handler                                       build/startup_stm32.o
PendSV_Handler                                    build/startup_stm32.o
Reset_Handler                                     build/startup_stm32.o
SVC_Handler                                       build/startup_stm32.o
SysTick_Handler                                   build/startup_stm32.o
UsageFault_Handler                                build/startup_stm32.o
__addsf3                                          C:/Program Files (x86)/Arm/GNU Toolchain mingw-w64-i686-arm-none-eabi/bin/../lib/gcc/arm-none-eabi/15.2.1/thumb/v7e-m/nofp\libgcc.a(_arm_addsubsf3.o)
__aeabi_fadd                                      C:/Program Files (x86)/Arm/GNU Toolchain mingw-w64-i686-arm-none-eabi/bin/../lib/gcc/arm-none-eabi/15.2.1/thumb/v7e-m/nofp\libgcc.a(_arm_addsubsf3.o)
                                                  build/imu.o
__aeabi_fdiv                                      C:/Program Files (x86)/Arm/GNU Toolchain mingw-w64-i686-arm-none-eabi/bin/../lib/gcc/arm-none-eabi/15.2.1/thumb/v7e-m/nofp\libgcc.a(_arm_muldivsf3.o)
                                                  build/imu.o
__aeabi_fmul                                      C:/Program Files (x86)/Arm/GNU Toolchain mingw-w64-i686-arm-none-eabi/bin/../lib/gcc/arm-none-eabi/15.2.1/thumb/v7e-m/nofp\libgcc.a(_arm_muldivsf3.o)
__aeabi_frsub                                     C:/Program Files (x86)/Arm/GNU Toolchain mingw-w64-i686-arm-none-eabi/bin/../lib/gcc/arm-none-eabi/15.2.1/thumb/v7e-m/nofp\libgcc.a(_arm_addsubsf3.o)
__aeabi_fsub                                      C:/Program Files (x86)/Arm/GNU Toolchain mingw-w64-i686-arm-none-eabi/bin/../lib/gcc/arm-none-eabi/15.2.1/thumb/v7e-m/nofp\libgcc.a(_arm_addsubsf3.o)
__aeabi_i2f                                       C:/Program Files (x86)/Arm/GNU Toolchain mingw-w64-i686-arm-none-eabi/bin/../lib/gcc/arm-none-eabi/15.2.1/thumb/v7e-m/nofp\libgcc.a(_arm_addsubsf3.o)
                                                  build/imu.o
__aeabi_l2f                                       C:/Program Files (x86)/Arm/GNU Toolchain mingw-w64-i686-arm-none-eabi/bin/../lib/gcc/arm-none-eabi/15.2.1/thumb/v7e-m/nofp\libgcc.a(_arm_addsubsf3.o)
__aeabi_ui2f                                      C:/Program Files (x86)/Arm/GNU Toolchain mingw-w64-i686-arm-none-eabi/bin/../lib/gcc/arm-none-eabi/15.2.1/thumb/v7e-m/nofp\libgcc.a(_arm_addsubsf3.o)
__aeabi_ul2f                                      C:/Program Files (x86)/Arm/GNU Toolchain mingw-w64-i686-arm-none-eabi/bin/../lib/gcc/arm-none-eabi/15.2.1/thumb/v7e-m/nofp\libgcc.a(_arm_addsubsf3.o)
__divsf3                                          C:/Program Files (x86)/Arm/GNU Toolchain mingw-w64-i686-arm-none-eabi/bin/../lib/gcc/arm-none-eabi/15.2.1/thumb/v7e-m/nofp\libgcc.a(_arm_muldivsf3.o)
__floatdisf                                       C:/Program Files (x86)/Arm/GNU Toolchain mingw-w64-i686-arm-none-eabi/bin/../lib/gcc/arm-none-eabi/15.2.1/thumb/v7e-m/nofp\libgcc.a(_arm_addsubsf3.o)
__floatsisf                                       C:/Program Files (x86)/Arm/GNU Toolchain mingw-w64-i686-arm-none-eabi/bin/../lib/gcc/arm-none-eabi/15.2.1/thumb/v7e-m/nofp\libgcc.a(_arm_addsubsf3.o)
__floatundisf                                     C:/Program Files (x86)/Arm/GNU Toolchain mingw-w64-i686-arm-none-eabi/bin/../lib/gcc/arm-none-eabi/15.2.1/thumb/v7e-m/nofp\libgcc.a(_arm_addsubsf3.o)
__floatunsisf                                     C:/Program Files (x86)/Arm/GNU Toolchain mingw-w64-i686-arm-none-eabi/bin/../lib/gcc/arm-none-eabi/15.2.1/thumb/v7e-m/nofp\libgcc.a(_arm_addsubsf3.o)
__mulsf3                                          C:/Program Files (x86)/Arm/GNU Toolchain mingw-w64-i686-arm-none-eabi/bin/../lib/gcc/arm-none-eabi/15.2.1/thumb/v7e-m/nofp\libgcc.a(_arm_muldivsf3.o)
__subsf3                                          C:/Program Files (x86)/Arm/GNU Toolchain mingw-w64-i686-arm-none-eabi/bin/../lib/gcc/arm-none-eabi/15.2.1/thumb/v7e-m/nofp\libgcc.a(_arm_addsubsf3.o)
_ebss                                             build/startup_stm32.o
_edata                                            build/startup_stm32.o
_sbss                                             build/startup_stm32.o
_sdata                                            build/startup_stm32.o
_sidata                                           build/startup_stm32.o
main                                              build/main.o
                                                  build/startup_stm32.o
